// Jest Snapshot v1, https://goo.gl/fbAQLP

exports[`map() applies the given function to each component 1`] = `
Array [
  2,
  4,
  6,
]
`;

exports[`map() applies the given function to each component 2`] = `
Array [
  Array [
    1,
    0,
    Array [
      1,
      2,
      3,
    ],
  ],
  Array [
    2,
    1,
    Array [
      1,
      2,
      3,
    ],
  ],
  Array [
    3,
    2,
    Array [
      1,
      2,
      3,
    ],
  ],
]
`;
