// Jest Snapshot v1, https://goo.gl/fbAQLP

exports[`Vector constructor() allows an arbitrary number of components 1`] = `
Array [
  1,
]
`;

exports[`Vector constructor() allows an arbitrary number of components 2`] = `
Array [
  1,
  2,
  3,
]
`;

exports[`Vector get magnitude() and length() returns the Euclidean length of the vector 1`] = `1`;

exports[`Vector get magnitude() and length() returns the Euclidean length of the vector 2`] = `1`;

exports[`Vector get magnitude() and length() works for n-dimensional vectors 1`] = `1`;

exports[`Vector get magnitude() and length() works for n-dimensional vectors 2`] = `1`;

exports[`Vector get magnitude() and length() works for n-dimensional vectors 3`] = `1`;

exports[`Vector get magnitude() and length() works for n-dimensional vectors 4`] = `1`;

exports[`Vector get magnitude() and length() works for n-dimensional vectors 5`] = `10`;
